144. Printing statistics.

=== tinynoc_wrapper ===

        +----------Local Count, excluding submodules.
        |        +-Local Area, excluding submodules.
        |        | 
      912        - wires
      947        - wire bits
      154        - public wires
      189        - public wire bits
        8        - ports
       43        - port bits
      928 1.58E+04 cells
       20  254.016   sg13g2_a21o_1
       33  299.376   sg13g2_a21oi_1
        9  130.637   sg13g2_a221oi_1
       87  943.828   sg13g2_a22oi_1
       28  254.016   sg13g2_and2_1
       14  177.811   sg13g2_and3_1
        5   72.576   sg13g2_and4_1
      146 7.15E+03   sg13g2_dfrbpq_1
       25   136.08   sg13g2_inv_1
      159 2.88E+03   sg13g2_mux2_1
       56  406.426   sg13g2_nand2_1
       14  127.008   sg13g2_nand2b_1
       24  217.728   sg13g2_nand3_1
        7   88.906   sg13g2_nand3b_1
        8   87.091   sg13g2_nand4_1
       47  341.107   sg13g2_nor2_1
       13  117.936   sg13g2_nor2b_1
       15   136.08   sg13g2_nor3_1
       19  206.842   sg13g2_nor4_1
       49  444.528   sg13g2_o21ai_1
       14  127.008   sg13g2_or2_1
        2   25.402   sg13g2_or3_1
        7  101.606   sg13g2_or4_1
      100   725.76   sg13g2_tiehi
        5   36.288   sg13g2_tielo
       14  203.213   sg13g2_xnor2_1
        8  116.122   sg13g2_xor2_1

   Chip area for module '\tinynoc_wrapper': 15814.650600
     of which used for sequential elements: 7152.364800 (45.23%)

